<html>
<body>
<pre>
<h1>µVision Build Log</h1>
<h2>Project:</h2>
C:\Users\melan\Downloads\lab6-melanie-brandon-master\lab6-melanie-brandon-master\Lab6.uvproj
Project File Date:  03/18/2017

<h2>Output:</h2>
Rebuild target 'Lab6'
assembling startup.s...
compiling Sound.c...
compiling piano.c...
compiling dac.c...
compiling Lab6.c...
Lab6.c(31): warning:  #223-D: function "PLL_Init" declared implicitly
    PLL_Init();         // like Program 4.6 in the book, 80 MHz
Lab6.c: 1 warning, 0 errors
linking...
Program Size: Code=5948 RO-data=9592 RW-data=76 ZI-data=1820  
".\Lab6.axf" - 0 Error(s), 1 Warning(s).
